
==================================================
  HopShot Feature Test Suite
==================================================

[ FEC Reed-Solomon ]
python.exe : Traceback (most recent call last):
At line:1 char:1
+ & "c:/Users/tajirax/Downloads/free internt/backshothopping/hopshot_py ...
+ ~~~~~~~~~~~~~~~~~~~~~~~~~~~~~~~~~~~~~~~~~~~~~~~~~~~~~~~~~~~~~~~~~~~~~
    + CategoryInfo          : NotSpecified: (Traceback (most recent call last) 
   ::String) [], RemoteException
    + FullyQualifiedErrorId : NativeCommandError
 
  File "C:\Users\tajirax\Downloads\free 
internt\backshothopping\hopshot_py_v2\test_hopshot.py", line 28, in test
    print(f"  {PASS} {name}")
    ~~~~~^^^^^^^^^^^^^^^^^^^^
  File "C:\Python314\Lib\encodings\cp1252.py", line 19, in encode
    return codecs.charmap_encode(input,self.errors,encoding_table)[0]
           ~~~~~~~~~~~~~~~~~~~~~^^^^^^^^^^^^^^^^^^^^^^^^^^^^^^^^^^
UnicodeEncodeError: 'charmap' codec can't encode character '\u2713' in 
position 7: character maps to <undefined>

During handling of the above exception, another exception occurred:

Traceback (most recent call last):
  File "C:\Users\tajirax\Downloads\free 
internt\backshothopping\hopshot_py_v2\test_hopshot.py", line 162, in <module>
    test("50% shard loss reconstructed", t_fec_50pct)
    ~~~~^^^^^^^^^^^^^^^^^^^^^^^^^^^^^^^^^^^^^^^^^^^^^
  File "C:\Users\tajirax\Downloads\free 
internt\backshothopping\hopshot_py_v2\test_hopshot.py", line 32, in test
    print(f"  {FAIL} {name}: {e}")
    ~~~~~^^^^^^^^^^^^^^^^^^^^^^^^^
  File "C:\Python314\Lib\encodings\cp1252.py", line 19, in encode
    return codecs.charmap_encode(input,self.errors,encoding_table)[0]
           ~~~~~~~~~~~~~~~~~~~~~^^^^^^^^^^^^^^^^^^^^^^^^^^^^^^^^^^
UnicodeEncodeError: 'charmap' codec can't encode character '\u2717' in 
position 7: character maps to <undefined>
